// Jest Snapshot v1, https://goo.gl/fbAQLP

exports[`ShopifyProductService normalizeProduct_ succesfully normalizes a product from Shopify 1`] = `
Object {
  "description": "<p>It's the small iPod with one very big idea: Video. Now the world's most popular music player, available in 4GB and 8GB models, lets you enjoy TV shows, movies, video podcasts, and more. The larger, brighter display means amazing picture quality. In six eye-catching colors, iPod nano is stunning all around. And with models starting at just $149, little speaks volumes.</p>",
  "external_id": "shopify_ipod",
  "handle": "ipod-nano",
  "images": Array [
    "https://cdn.shopify.com/s/files/1/0006/9093/3842/products/ipod-nano.png?v=1633120966",
    "https://cdn.shopify.com/s/files/1/0006/9093/3842/products/ipod-nano-2.png?v=1633120966",
    "https://cdn.shopify.com/s/files/1/0006/9093/3842/products/ipod-nano.png?v=1633120966",
  ],
  "is_giftcard": false,
  "metadata": Object {
    "vendor": "Apple",
  },
  "options": Array [
    Object {
      "title": "Color",
      "values": Array [
        Object {
          "value": "Pink",
        },
        Object {
          "value": "Red",
        },
        Object {
          "value": "Green",
        },
        Object {
          "value": "Black",
        },
      ],
    },
  ],
  "product_type": Object {
    "value": "Cult Products",
  },
  "status": "proposed",
  "tags": Array [
    Object {
      "value": "Emotive",
    },
    Object {
      "value": " Flash Memory",
    },
    Object {
      "value": " MP3",
    },
    Object {
      "value": " Music",
    },
  ],
  "thumbnail": "https://cdn.shopify.com/s/files/1/0006/9093/3842/products/ipod-nano.png?v=1633120966",
  "title": "IPod Nano - 8GB",
  "variants": Array [
    Object {
      "allow_backorder": true,
      "barcode": "1234_pink",
      "inventory_quantity": 10,
      "manage_inventory": true,
      "metadata": Object {
        "sh_id": 808950810,
      },
      "options": Array [
        Object {
          "value": "Pink",
        },
      ],
      "prices": Array [
        Object {
          "amount": 19900,
          "currency_code": "usd",
        },
      ],
      "sku": "IPOD2008PINK",
      "title": "Pink",
      "upc": "1234_pink",
      "variant_rank": 1,
      "weight": 567,
    },
    Object {
      "allow_backorder": true,
      "barcode": "1234_red",
      "inventory_quantity": 20,
      "manage_inventory": true,
      "metadata": Object {
        "sh_id": 49148385,
      },
      "options": Array [
        Object {
          "value": "Red",
        },
      ],
      "prices": Array [
        Object {
          "amount": 19900,
          "currency_code": "usd",
        },
      ],
      "sku": "IPOD2008RED",
      "title": "Red",
      "upc": "1234_red",
      "variant_rank": 2,
      "weight": 567,
    },
    Object {
      "allow_backorder": true,
      "barcode": "1234_green",
      "inventory_quantity": 30,
      "manage_inventory": true,
      "metadata": Object {
        "sh_id": 39072856,
      },
      "options": Array [
        Object {
          "value": "Green",
        },
      ],
      "prices": Array [
        Object {
          "amount": 19900,
          "currency_code": "usd",
        },
      ],
      "sku": "IPOD2008GREEN",
      "title": "Green",
      "upc": "1234_green",
      "variant_rank": 3,
      "weight": 567,
    },
    Object {
      "allow_backorder": true,
      "barcode": "1234_black",
      "inventory_quantity": 40,
      "manage_inventory": true,
      "metadata": Object {
        "sh_id": 457924702,
      },
      "options": Array [
        Object {
          "value": "Black",
        },
      ],
      "prices": Array [
        Object {
          "amount": 19900,
          "currency_code": "usd",
        },
      ],
      "sku": "IPOD2008BLACK",
      "title": "Black",
      "upc": "1234_black",
      "variant_rank": 4,
      "weight": 567,
    },
  ],
}
`;
