// Jest Snapshot v1, https://goo.gl/fbAQLP

exports[`sales channels GET /store/cart/:id returns cart with sales channel for single cart 1`] = `
Object {
  "created_at": Any<String>,
  "deleted_at": null,
  "description": "test description",
  "id": Any<String>,
  "is_disabled": false,
  "name": "test name",
  "updated_at": Any<String>,
}
`;
