// Jest Snapshot v1, https://goo.gl/fbAQLP

exports[`/admin/collections /admin/collections creates a collection 1`] = `
Object {
  "collection": Object {
    "created_at": Any<String>,
    "deleted_at": null,
    "handle": "test-handle-creation",
    "id": StringMatching /\\^pcol_\\*/,
    "metadata": null,
    "title": "test collection creation",
    "updated_at": Any<String>,
  },
}
`;

exports[`/admin/collections /admin/collections lists collections 1`] = `
Object {
  "collections": Array [
    Object {
      "handle": "test-collection",
      "id": "test-collection",
      "products": Array [
        Object {
          "collection_id": "test-collection",
          "created_at": Any<String>,
          "deleted_at": null,
          "description": "test-product-description",
          "discountable": true,
          "handle": "test-product",
          "height": null,
          "hs_code": null,
          "id": "test-product",
          "is_giftcard": false,
          "length": null,
          "material": null,
          "metadata": null,
          "mid_code": null,
          "origin_country": null,
          "profile_id": StringMatching /\\^sp_\\*/,
          "status": "draft",
          "subtitle": null,
          "thumbnail": null,
          "title": "Test product",
          "type_id": "test-type",
          "updated_at": Any<String>,
          "weight": null,
          "width": null,
        },
        Object {
          "collection_id": "test-collection",
          "created_at": Any<String>,
          "deleted_at": null,
          "description": "test-product-description1",
          "discountable": true,
          "handle": "test-product1",
          "height": null,
          "hs_code": null,
          "id": "test-product1",
          "is_giftcard": false,
          "length": null,
          "material": null,
          "metadata": null,
          "mid_code": null,
          "origin_country": null,
          "profile_id": StringMatching /\\^sp_\\*/,
          "status": "draft",
          "subtitle": null,
          "thumbnail": null,
          "title": "Test product1",
          "type_id": "test-type",
          "updated_at": Any<String>,
          "weight": null,
          "width": null,
        },
      ],
      "title": "Test collection",
    },
    Object {
      "handle": "test-collection1",
      "id": "test-collection1",
      "products": Array [
        Object {
          "collection_id": "test-collection1",
          "created_at": Any<String>,
          "deleted_at": null,
          "description": "test-product-description",
          "discountable": true,
          "handle": "test-product_filtering_1",
          "height": null,
          "hs_code": null,
          "id": "test-product_filtering_1",
          "is_giftcard": false,
          "length": null,
          "material": null,
          "metadata": null,
          "mid_code": null,
          "origin_country": null,
          "profile_id": StringMatching /\\^sp_\\*/,
          "status": "proposed",
          "subtitle": null,
          "thumbnail": null,
          "title": "Test product filtering 1",
          "type_id": "test-type",
          "updated_at": Any<String>,
          "weight": null,
          "width": null,
        },
        Object {
          "collection_id": "test-collection1",
          "created_at": Any<String>,
          "deleted_at": null,
          "description": "test-product-description",
          "discountable": true,
          "handle": "test-product_filtering_3",
          "height": null,
          "hs_code": null,
          "id": "test-product_filtering_3",
          "is_giftcard": false,
          "length": null,
          "material": null,
          "metadata": null,
          "mid_code": null,
          "origin_country": null,
          "profile_id": StringMatching /\\^sp_\\*/,
          "status": "draft",
          "subtitle": null,
          "thumbnail": null,
          "title": "Test product filtering 3",
          "type_id": "test-type",
          "updated_at": Any<String>,
          "weight": null,
          "width": null,
        },
      ],
      "title": "Test collection 1",
    },
    Object {
      "handle": "test-collection2",
      "id": "test-collection2",
      "products": Array [
        Object {
          "collection_id": "test-collection2",
          "created_at": Any<String>,
          "deleted_at": null,
          "description": "test-product-description",
          "discountable": true,
          "handle": "test-product_filtering_2",
          "height": null,
          "hs_code": null,
          "id": "test-product_filtering_2",
          "is_giftcard": false,
          "length": null,
          "material": null,
          "metadata": null,
          "mid_code": null,
          "origin_country": null,
          "profile_id": StringMatching /\\^sp_\\*/,
          "status": "published",
          "subtitle": null,
          "thumbnail": null,
          "title": "Test product filtering 2",
          "type_id": "test-type",
          "updated_at": Any<String>,
          "weight": null,
          "width": null,
        },
      ],
      "title": "Test collection 2",
    },
  ],
  "count": 3,
  "limit": 10,
  "offset": 0,
}
`;

exports[`/admin/collections /admin/collections/:id gets collection 1`] = `
Object {
  "collection": Object {
    "created_at": Any<String>,
    "deleted_at": null,
    "handle": "test-collection",
    "id": "test-collection",
    "metadata": null,
    "title": "Test collection",
    "updated_at": Any<String>,
  },
}
`;

exports[`/admin/collections /admin/collections/:id updates a collection 1`] = `
Object {
  "collection": Object {
    "created_at": Any<String>,
    "deleted_at": null,
    "handle": "test-handle-creation",
    "id": StringMatching /\\^pcol_\\*/,
    "metadata": null,
    "title": "test collection creation",
    "updated_at": Any<String>,
  },
}
`;
