// Jest Snapshot v1, https://goo.gl/fbAQLP

exports[`/admin/products GET /admin/products returns a list of products with child entities 1`] = `
Array [
  Object {
    "collection": Object {
      "created_at": Any<String>,
      "deleted_at": null,
      "handle": "test-collection",
      "id": StringMatching /\\^test-\\*/,
      "metadata": null,
      "title": "Test collection",
      "updated_at": Any<String>,
    },
    "collection_id": "test-collection",
    "created_at": Any<String>,
    "deleted_at": null,
    "description": "test-product-description",
    "discountable": true,
    "external_id": null,
    "handle": "test-product",
    "height": null,
    "hs_code": null,
    "id": StringMatching /\\^test-\\*/,
    "images": Array [
      Object {
        "created_at": Any<String>,
        "deleted_at": null,
        "id": StringMatching /\\^test-\\*/,
        "metadata": null,
        "updated_at": Any<String>,
        "url": "test-image.png",
      },
    ],
    "is_giftcard": false,
    "length": null,
    "material": null,
    "metadata": null,
    "mid_code": null,
    "options": Array [
      Object {
        "created_at": Any<String>,
        "deleted_at": null,
        "id": StringMatching /\\^test-\\*/,
        "metadata": null,
        "product_id": StringMatching /\\^test-\\*/,
        "title": "test-option",
        "updated_at": Any<String>,
      },
    ],
    "origin_country": null,
    "profile_id": StringMatching /\\^sp_\\*/,
    "status": "draft",
    "subtitle": null,
    "tags": Array [
      Object {
        "created_at": Any<String>,
        "deleted_at": null,
        "id": StringMatching /\\^tag\\*/,
        "metadata": null,
        "updated_at": Any<String>,
        "value": "123",
      },
    ],
    "thumbnail": null,
    "title": "Test product",
    "type": Object {
      "created_at": Any<String>,
      "deleted_at": null,
      "id": StringMatching /\\^test-\\*/,
      "metadata": null,
      "updated_at": Any<String>,
      "value": "test-type",
    },
    "type_id": "test-type",
    "updated_at": Any<String>,
    "variants": Array [
      Object {
        "allow_backorder": false,
        "barcode": "test-barcode",
        "created_at": Any<String>,
        "deleted_at": null,
        "ean": "test-ean",
        "height": null,
        "hs_code": null,
        "id": "test-variant",
        "inventory_quantity": 10,
        "length": null,
        "manage_inventory": true,
        "material": null,
        "metadata": null,
        "mid_code": null,
        "options": Array [
          Object {
            "created_at": Any<String>,
            "deleted_at": null,
            "id": StringMatching /\\^test-variant-option\\*/,
            "metadata": null,
            "option_id": StringMatching /\\^test-opt\\*/,
            "updated_at": Any<String>,
            "value": "Default variant",
            "variant_id": StringMatching /\\^test-variant\\*/,
          },
        ],
        "origin_country": null,
        "prices": Array [
          Object {
            "amount": 100,
            "created_at": Any<String>,
            "currency_code": "usd",
            "deleted_at": null,
            "id": StringMatching /\\^test-price\\*/,
            "region_id": null,
            "sale_amount": null,
            "updated_at": Any<String>,
            "variant_id": StringMatching /\\^test-variant\\*/,
          },
        ],
        "product_id": StringMatching /\\^test-\\*/,
        "sku": "test-sku",
        "title": "Test variant",
        "upc": "test-upc",
        "updated_at": Any<String>,
        "weight": null,
        "width": null,
      },
      Object {
        "allow_backorder": false,
        "barcode": null,
        "created_at": Any<String>,
        "deleted_at": null,
        "ean": "test-ean2",
        "height": null,
        "hs_code": null,
        "id": "test-variant_2",
        "inventory_quantity": 10,
        "length": null,
        "manage_inventory": true,
        "material": null,
        "metadata": null,
        "mid_code": null,
        "options": Array [
          Object {
            "created_at": Any<String>,
            "deleted_at": null,
            "id": StringMatching /\\^test-variant-option\\*/,
            "metadata": null,
            "option_id": StringMatching /\\^test-opt\\*/,
            "updated_at": Any<String>,
            "value": "Default variant 2",
            "variant_id": StringMatching /\\^test-variant\\*/,
          },
        ],
        "origin_country": null,
        "prices": Array [
          Object {
            "amount": 100,
            "created_at": Any<String>,
            "currency_code": "usd",
            "deleted_at": null,
            "id": StringMatching /\\^test-price\\*/,
            "region_id": null,
            "sale_amount": null,
            "updated_at": Any<String>,
            "variant_id": StringMatching /\\^test-variant\\*/,
          },
        ],
        "product_id": StringMatching /\\^test-\\*/,
        "sku": "test-sku2",
        "title": "Test variant rank (2)",
        "upc": "test-upc2",
        "updated_at": Any<String>,
        "weight": null,
        "width": null,
      },
      Object {
        "allow_backorder": false,
        "barcode": "test-barcode 1",
        "created_at": Any<String>,
        "deleted_at": null,
        "ean": "test-ean1",
        "height": null,
        "hs_code": null,
        "id": "test-variant_1",
        "inventory_quantity": 10,
        "length": null,
        "manage_inventory": true,
        "material": null,
        "metadata": null,
        "mid_code": null,
        "options": Array [
          Object {
            "created_at": Any<String>,
            "deleted_at": null,
            "id": StringMatching /\\^test-variant-option\\*/,
            "metadata": null,
            "option_id": StringMatching /\\^test-opt\\*/,
            "updated_at": Any<String>,
            "value": "Default variant 1",
            "variant_id": StringMatching /\\^test-variant\\*/,
          },
        ],
        "origin_country": null,
        "prices": Array [
          Object {
            "amount": 100,
            "created_at": Any<String>,
            "currency_code": "usd",
            "deleted_at": null,
            "id": StringMatching /\\^test-price\\*/,
            "region_id": null,
            "sale_amount": null,
            "updated_at": Any<String>,
            "variant_id": StringMatching /\\^test-variant\\*/,
          },
        ],
        "product_id": StringMatching /\\^test-\\*/,
        "sku": "test-sku1",
        "title": "Test variant rank (1)",
        "upc": "test-upc1",
        "updated_at": Any<String>,
        "weight": null,
        "width": null,
      },
    ],
    "weight": null,
    "width": null,
  },
  Object {
    "collection": Object {
      "created_at": Any<String>,
      "deleted_at": null,
      "handle": "test-collection",
      "id": StringMatching /\\^test-\\*/,
      "metadata": null,
      "title": "Test collection",
      "updated_at": Any<String>,
    },
    "collection_id": "test-collection",
    "created_at": Any<String>,
    "deleted_at": null,
    "description": "test-product-description1",
    "discountable": true,
    "external_id": null,
    "handle": "test-product1",
    "height": null,
    "hs_code": null,
    "id": StringMatching /\\^test-\\*/,
    "images": Array [],
    "is_giftcard": false,
    "length": null,
    "material": null,
    "metadata": null,
    "mid_code": null,
    "options": Array [],
    "origin_country": null,
    "profile_id": StringMatching /\\^sp_\\*/,
    "status": "draft",
    "subtitle": null,
    "tags": Array [
      Object {
        "created_at": Any<String>,
        "deleted_at": null,
        "id": StringMatching /\\^tag\\*/,
        "metadata": null,
        "updated_at": Any<String>,
        "value": "123",
      },
    ],
    "thumbnail": null,
    "title": "Test product1",
    "type": Object {
      "created_at": Any<String>,
      "deleted_at": null,
      "id": StringMatching /\\^test-\\*/,
      "metadata": null,
      "updated_at": Any<String>,
      "value": "test-type",
    },
    "type_id": "test-type",
    "updated_at": Any<String>,
    "variants": Array [
      Object {
        "allow_backorder": false,
        "barcode": null,
        "created_at": Any<String>,
        "deleted_at": null,
        "ean": "test-ean4",
        "height": null,
        "hs_code": null,
        "id": "test-variant_4",
        "inventory_quantity": 10,
        "length": null,
        "manage_inventory": true,
        "material": null,
        "metadata": null,
        "mid_code": null,
        "options": Array [
          Object {
            "created_at": Any<String>,
            "deleted_at": null,
            "id": StringMatching /\\^test-variant-option\\*/,
            "metadata": null,
            "option_id": StringMatching /\\^test-opt\\*/,
            "updated_at": Any<String>,
            "value": "Default variant 4",
            "variant_id": StringMatching /\\^test-variant\\*/,
          },
        ],
        "origin_country": null,
        "prices": Array [
          Object {
            "amount": 100,
            "created_at": Any<String>,
            "currency_code": "usd",
            "deleted_at": null,
            "id": StringMatching /\\^test-price\\*/,
            "region_id": null,
            "sale_amount": null,
            "updated_at": Any<String>,
            "variant_id": StringMatching /\\^test-variant\\*/,
          },
        ],
        "product_id": StringMatching /\\^test-\\*/,
        "sku": "test-sku4",
        "title": "Test variant rank (2)",
        "upc": "test-upc4",
        "updated_at": Any<String>,
        "weight": null,
        "width": null,
      },
      Object {
        "allow_backorder": false,
        "barcode": null,
        "created_at": Any<String>,
        "deleted_at": null,
        "ean": "test-ean3",
        "height": null,
        "hs_code": null,
        "id": "test-variant_3",
        "inventory_quantity": 10,
        "length": null,
        "manage_inventory": true,
        "material": null,
        "metadata": null,
        "mid_code": null,
        "options": Array [
          Object {
            "created_at": Any<String>,
            "deleted_at": null,
            "id": StringMatching /\\^test-variant-option\\*/,
            "metadata": null,
            "option_id": StringMatching /\\^test-opt\\*/,
            "updated_at": Any<String>,
            "value": "Default variant 3",
            "variant_id": StringMatching /\\^test-variant\\*/,
          },
        ],
        "origin_country": null,
        "prices": Array [
          Object {
            "amount": 100,
            "created_at": Any<String>,
            "currency_code": "usd",
            "deleted_at": null,
            "id": StringMatching /\\^test-price\\*/,
            "region_id": null,
            "sale_amount": null,
            "updated_at": Any<String>,
            "variant_id": StringMatching /\\^test-variant\\*/,
          },
        ],
        "product_id": StringMatching /\\^test-\\*/,
        "sku": "test-sku3",
        "title": "Test variant rank (2)",
        "upc": "test-upc3",
        "updated_at": Any<String>,
        "weight": null,
        "width": null,
      },
    ],
    "weight": null,
    "width": null,
  },
  Object {
    "collection": Any<Object>,
    "collection_id": "test-collection1",
    "created_at": Any<String>,
    "deleted_at": null,
    "description": "test-product-description",
    "discountable": true,
    "external_id": null,
    "handle": "test-product_filtering_3",
    "height": null,
    "hs_code": null,
    "id": StringMatching /\\^test-\\*/,
    "images": Array [],
    "is_giftcard": false,
    "length": null,
    "material": null,
    "metadata": null,
    "mid_code": null,
    "options": Any<Array>,
    "origin_country": null,
    "profile_id": StringMatching /\\^sp_\\*/,
    "status": "draft",
    "subtitle": null,
    "tags": Any<Array>,
    "thumbnail": null,
    "title": "Test product filtering 3",
    "type": Any<Object>,
    "type_id": "test-type",
    "updated_at": Any<String>,
    "variants": Any<Array>,
    "weight": null,
    "width": null,
  },
  Object {
    "collection": Any<Object>,
    "collection_id": "test-collection1",
    "created_at": Any<String>,
    "deleted_at": null,
    "description": "test-product-description",
    "discountable": true,
    "external_id": null,
    "handle": "test-product_filtering_1",
    "height": null,
    "hs_code": null,
    "id": StringMatching /\\^test-\\*/,
    "images": Array [],
    "is_giftcard": false,
    "length": null,
    "material": null,
    "metadata": null,
    "mid_code": null,
    "options": Any<Array>,
    "origin_country": null,
    "profile_id": StringMatching /\\^sp_\\*/,
    "status": "proposed",
    "subtitle": null,
    "tags": Any<Array>,
    "thumbnail": null,
    "title": "Test product filtering 1",
    "type": Any<Object>,
    "type_id": "test-type",
    "updated_at": Any<String>,
    "variants": Any<Array>,
    "weight": null,
    "width": null,
  },
  Object {
    "collection": Any<Object>,
    "collection_id": "test-collection2",
    "created_at": Any<String>,
    "deleted_at": null,
    "description": "test-product-description",
    "discountable": true,
    "external_id": null,
    "handle": "test-product_filtering_2",
    "height": null,
    "hs_code": null,
    "id": StringMatching /\\^test-\\*/,
    "images": Array [],
    "is_giftcard": false,
    "length": null,
    "material": null,
    "metadata": null,
    "mid_code": null,
    "options": Any<Array>,
    "origin_country": null,
    "profile_id": StringMatching /\\^sp_\\*/,
    "status": "published",
    "subtitle": null,
    "tags": Any<Array>,
    "thumbnail": null,
    "title": "Test product filtering 2",
    "type": Any<Object>,
    "type_id": "test-type",
    "updated_at": Any<String>,
    "variants": Any<Array>,
    "weight": null,
    "width": null,
  },
]
`;

exports[`/admin/products GET /admin/products returns a list of products with only giftcard in list 1`] = `
Array [
  Object {
    "collection": null,
    "collection_id": null,
    "created_at": Any<String>,
    "deleted_at": null,
    "description": "test-giftcard-description",
    "discountable": false,
    "external_id": null,
    "handle": "test-giftcard",
    "height": null,
    "hs_code": null,
    "id": StringMatching /\\^prod_\\*/,
    "images": Array [],
    "is_giftcard": true,
    "length": null,
    "material": null,
    "metadata": null,
    "mid_code": null,
    "options": Array [
      Object {
        "created_at": Any<String>,
        "deleted_at": null,
        "id": StringMatching /\\^opt_\\*/,
        "metadata": null,
        "product_id": StringMatching /\\^prod_\\*/,
        "title": "Denominations",
        "updated_at": Any<String>,
      },
    ],
    "origin_country": null,
    "profile_id": StringMatching /\\^sp_\\*/,
    "status": "draft",
    "subtitle": null,
    "tags": Array [],
    "thumbnail": null,
    "title": "Test Giftcard",
    "type": null,
    "type_id": null,
    "updated_at": Any<String>,
    "variants": Array [
      Object {
        "allow_backorder": false,
        "barcode": null,
        "created_at": Any<String>,
        "deleted_at": null,
        "ean": null,
        "height": null,
        "hs_code": null,
        "id": StringMatching /\\^variant_\\*/,
        "inventory_quantity": 0,
        "length": null,
        "manage_inventory": true,
        "material": null,
        "metadata": null,
        "mid_code": null,
        "options": Array [
          Object {
            "created_at": Any<String>,
            "deleted_at": null,
            "id": StringMatching /\\^opt_\\*/,
            "metadata": null,
            "option_id": StringMatching /\\^opt_\\*/,
            "updated_at": Any<String>,
            "value": "100",
            "variant_id": StringMatching /\\^variant_\\*/,
          },
        ],
        "origin_country": null,
        "prices": Array [
          Object {
            "amount": 100,
            "created_at": Any<String>,
            "currency_code": "usd",
            "deleted_at": null,
            "id": Any<String>,
            "region_id": null,
            "sale_amount": null,
            "updated_at": Any<String>,
            "variant_id": StringMatching /\\^variant_\\*/,
          },
        ],
        "product_id": StringMatching /\\^prod_\\*/,
        "sku": null,
        "title": "Test variant",
        "upc": null,
        "updated_at": Any<String>,
        "weight": null,
        "width": null,
      },
    ],
    "weight": null,
    "width": null,
  },
]
`;
